%このファイルは日本語文字を含みます.
\BOOKMARK [0][-]{figure.caption.2}{概要}{}% 1
\BOOKMARK [0][-]{figure.caption.2}{Abstract}{}% 2
\BOOKMARK [0][-]{chapter.1}{第1章 序論}{}% 3
\BOOKMARK [1][-]{section.1.1}{1.1 背景}{chapter.1}% 4
\BOOKMARK [1][-]{section.1.2}{1.2 研究目的}{chapter.1}% 5
\BOOKMARK [1][-]{section.1.3}{1.3 論文構成}{chapter.1}% 6
\BOOKMARK [0][-]{chapter.2}{第2章 関連研究}{}% 7
\BOOKMARK [1][-]{section.2.1}{2.1 ウェーバーの法則に基づく感覚刺激}{chapter.2}% 8
\BOOKMARK [1][-]{section.2.2}{2.2 視聴覚刺激と音の高さ}{chapter.2}% 9
\BOOKMARK [1][-]{section.2.3}{2.3 VRと聴音トレーニング}{chapter.2}% 10
\BOOKMARK [0][-]{chapter.3}{第3章 設計}{}% 11
\BOOKMARK [1][-]{section.3.1}{3.1 システムの概要}{chapter.3}% 12
\BOOKMARK [1][-]{section.3.2}{3.2 使用機材}{chapter.3}% 13
\BOOKMARK [1][-]{section.3.3}{3.3 システムの設計実装}{chapter.3}% 14
\BOOKMARK [2][-]{subsection.3.3.1}{3.3.1 前方円状配置システム}{section.3.3}% 15
\BOOKMARK [2][-]{subsection.3.3.2}{3.3.2 円状配置システム}{section.3.3}% 16
\BOOKMARK [2][-]{subsection.3.3.3}{3.3.3 システムの共通機能}{section.3.3}% 17
\BOOKMARK [0][-]{chapter.4}{第4章 実験}{}% 18
\BOOKMARK [1][-]{section.4.1}{4.1 実験参加者}{chapter.4}% 19
\BOOKMARK [1][-]{section.4.2}{4.2 実験手順}{chapter.4}% 20
\BOOKMARK [1][-]{section.4.3}{4.3 評価手法}{chapter.4}% 21
\BOOKMARK [2][-]{subsection.4.3.1}{4.3.1 定量評価}{section.4.3}% 22
\BOOKMARK [2][-]{subsection.4.3.2}{4.3.2 定性評価}{section.4.3}% 23
\BOOKMARK [0][-]{chapter.5}{第5章 結果}{}% 24
\BOOKMARK [1][-]{section.5.1}{5.1 定量評価の結果}{chapter.5}% 25
\BOOKMARK [1][-]{section.5.2}{5.2 定性評価の結果}{chapter.5}% 26
\BOOKMARK [2][-]{subsection.5.2.1}{5.2.1 NASA-TLXの結果}{section.5.2}% 27
\BOOKMARK [2][-]{subsection.5.2.2}{5.2.2 システムに関するアンケート結果}{section.5.2}% 28
\BOOKMARK [0][-]{chapter.6}{第6章 考察}{}% 29
\BOOKMARK [0][-]{chapter.7}{第7章 結論}{}% 30
\BOOKMARK [1][-]{section.7.1}{7.1 結論}{chapter.7}% 31
\BOOKMARK [1][-]{section.7.2}{7.2 将来課題}{chapter.7}% 32
\BOOKMARK [0][-]{chapter*.24}{参考文献}{}% 33
\BOOKMARK [0][-]{chapter*.25}{謝辞}{}% 34
\BOOKMARK [0][-]{chapter*.26}{付録}{}% 35
