%このファイルは日本語文字を含みます.
\BOOKMARK [0][-]{figure.caption.2}{\376\377\151\202\211\201}{}% 1
\BOOKMARK [0][-]{figure.caption.2}{\376\377\000A\000b\000s\000t\000r\000a\000c\000t}{}% 2
\BOOKMARK [0][-]{chapter.1}{\376\377\173\054\0001\172\340\000\040\136\217\212\326}{}% 3
\BOOKMARK [1][-]{section.1.1}{\376\377\0001\000.\0001\000\040\200\314\146\157}{chapter.1}% 4
\BOOKMARK [1][-]{section.1.2}{\376\377\0001\000.\0002\000\040\170\024\172\166\166\356\166\204}{chapter.1}% 5
\BOOKMARK [1][-]{section.1.3}{\376\377\0001\000.\0003\000\040\212\326\145\207\151\313\142\020}{chapter.1}% 6
\BOOKMARK [0][-]{chapter.2}{\376\377\173\054\0002\172\340\000\040\225\242\220\043\170\024\172\166}{}% 7
\BOOKMARK [1][-]{section.2.1}{\376\377\0002\000.\0001\000\040\060\246\060\247\060\374\060\320\060\374\060\156\154\325\122\107\060\153\127\372\060\145\060\117\141\037\211\232\122\072\157\300}{chapter.2}% 8
\BOOKMARK [1][-]{section.2.2}{\376\377\0002\000.\0002\000\040\211\226\200\164\211\232\122\072\157\300\060\150\227\363\060\156\232\330\060\125}{chapter.2}% 9
\BOOKMARK [1][-]{section.2.3}{\376\377\0002\000.\0003\000\040\000V\000R\060\150\200\164\227\363\060\310\060\354\060\374\060\313\060\363\060\260}{chapter.2}% 10
\BOOKMARK [0][-]{chapter.3}{\376\377\173\054\0003\172\340\000\040\212\055\212\010}{}% 11
\BOOKMARK [1][-]{section.3.1}{\376\377\0003\000.\0001\000\040\060\267\060\271\060\306\060\340\060\156\151\202\211\201}{chapter.3}% 12
\BOOKMARK [1][-]{section.3.2}{\376\377\0003\000.\0002\000\040\117\177\165\050\152\137\147\120}{chapter.3}% 13
\BOOKMARK [1][-]{section.3.3}{\376\377\0003\000.\0003\000\040\060\267\060\271\060\306\060\340\060\156\212\055\212\010\133\237\210\305}{chapter.3}% 14
\BOOKMARK [2][-]{subsection.3.3.1}{\376\377\0003\000.\0003\000.\0001\000\040\122\115\145\271\121\206\162\266\221\115\177\156\060\267\060\271\060\306\060\340}{section.3.3}% 15
\BOOKMARK [2][-]{subsection.3.3.2}{\376\377\0003\000.\0003\000.\0002\000\040\121\150\145\271\117\115\221\115\177\156\060\267\060\271\060\306\060\340}{section.3.3}% 16
\BOOKMARK [2][-]{subsection.3.3.3}{\376\377\0003\000.\0003\000.\0003\000\040\060\267\060\271\060\306\060\340\060\156\121\161\220\032\152\137\200\375}{section.3.3}% 17
\BOOKMARK [0][-]{chapter.4}{\376\377\173\054\0004\172\340\000\040\133\237\232\023}{}% 18
\BOOKMARK [1][-]{section.4.1}{\376\377\0004\000.\0001\000\040\133\237\232\023\123\302\122\240\200\005}{chapter.4}% 19
\BOOKMARK [1][-]{section.4.2}{\376\377\0004\000.\0002\000\040\133\237\232\023\142\113\230\006}{chapter.4}% 20
\BOOKMARK [1][-]{section.4.3}{\376\377\0004\000.\0003\000\040\212\125\117\241\142\113\154\325}{chapter.4}% 21
\BOOKMARK [2][-]{subsection.4.3.1}{\376\377\0004\000.\0003\000.\0001\000\040\133\232\140\047\212\125\117\241}{section.4.3}% 22
\BOOKMARK [2][-]{subsection.4.3.2}{\376\377\0004\000.\0003\000.\0002\000\040\0003\060\144\060\156\133\232\221\317\212\125\117\241}{section.4.3}% 23
\BOOKMARK [0][-]{chapter.5}{\376\377\173\054\0005\172\340\000\040\175\120\147\234}{}% 24
\BOOKMARK [0][-]{chapter.6}{\376\377\173\054\0006\172\340\000\040\200\003\133\337}{}% 25
\BOOKMARK [0][-]{chapter.7}{\376\377\173\054\0007\172\340\000\040\175\120\212\326}{}% 26
\BOOKMARK [1][-]{section.7.1}{\376\377\0007\000.\0001\000\040\175\120\212\326}{chapter.7}% 27
\BOOKMARK [1][-]{section.7.2}{\376\377\0007\000.\0002\000\040\134\006\147\145\212\262\230\114}{chapter.7}% 28
\BOOKMARK [0][-]{chapter*.11}{\376\377\123\302\200\003\145\207\163\056}{}% 29
\BOOKMARK [0][-]{chapter*.12}{\376\377\213\035\217\236}{}% 30
\BOOKMARK [0][-]{chapter*.13}{\376\377\116\330\223\062}{}% 31
